// Jest Snapshot v1, https://goo.gl/fbAQLP

exports[`zdb-input input-snapshot 1`] = `
<div>
  <input
    type="password"
  />
</div>
`;
